******************************************************************************
                  TI ARM Linker PC v18.1.1                     
******************************************************************************
>> Linked Wed Apr 11 14:10:18 2018

OUTPUT FILE NAME:   <Assgn2.out>
ENTRY POINT SYMBOL: "_c_int00_noargs"  address: 000006e1


MEMORY CONFIGURATION

         name            origin    length      used     unused   attr    fill
----------------------  --------  ---------  --------  --------  ----  --------
  MAIN                  00000000   00040000  00000754  0003f8ac  R  X
  INFO                  00200000   00004000  00000000  00004000  R  X
  SRAM_CODE             01000000   00010000  00000204  0000fdfc  RW X
  SRAM_DATA             20000000   00010000  00000204  0000fdfc  RW  


SEGMENT ALLOCATION MAP

run origin  load origin   length   init length attrs members
----------  ----------- ---------- ----------- ----- -------
00000000    00000000    00000758   00000758    r-x
  00000000    00000000    000000e4   000000e4    r-- .intvecs
  000000e8    000000e8    00000658   00000658    r-x .text
  00000740    00000740    00000018   00000018    r-- .cinit
20000000    20000000    00000004   00000000    rw-
  20000000    20000000    00000004   00000000    rw- .data
2000fe00    2000fe00    00000200   00000000    rw-
  2000fe00    2000fe00    00000200   00000000    rw- .stack


SECTION ALLOCATION MAP

 output                                  attributes/
section   page    origin      length       input sections
--------  ----  ----------  ----------   ----------------
.intvecs   0    00000000    000000e4     
                  00000000    000000e4     startup_msp432p401r_ccs.obj (.intvecs:retain)

.text      0    000000e8    00000658     
                  000000e8    000002fe     system_msp432p401r.obj (.text)
                  000003e6    00000002     --HOLE-- [fill = 0]
                  000003e8    0000011a     dco.obj (.text)
                  00000502    0000009c     rtsv7M4_T_le_v4SPD16_eabi.lib : memcpy_t2.asm.obj (.text)
                  0000059e    00000068                                   : copy_decompress_lzss.c.obj (.text:decompress:lzss:__TI_decompress_lzss)
                  00000606    00000002     --HOLE-- [fill = 0]
                  00000608    00000054     main.obj (.text)
                  0000065c    00000044     rtsv7M4_T_le_v4SPD16_eabi.lib : autoinit.c.obj (.text:__TI_auto_init_nobinit_nopinit:__TI_auto_init_nobinit_nopinit)
                  000006a0    0000003e     delay.obj (.text)
                  000006de    00000002     --HOLE-- [fill = 0]
                  000006e0    00000038     rtsv7M4_T_le_v4SPD16_eabi.lib : boot_cortex_m.c.obj (.text:_c_int00_noargs:_c_int00_noargs)
                  00000718    00000012     startup_msp432p401r_ccs.obj (.text)
                  0000072a    0000000e     rtsv7M4_T_le_v4SPD16_eabi.lib : copy_decompress_none.c.obj (.text:decompress:none:__TI_decompress_none)
                  00000738    00000004                                   : pre_init.c.obj (.text:_system_pre_init)
                  0000073c    00000004                                   : exit.c.obj (.text:abort:abort)

.cinit     0    00000740    00000018     
                  00000740    00000008     (.cinit..data.load) [load image, compression = lzss]
                  00000748    00000008     (__TI_handler_table)
                  00000750    00000008     (__TI_cinit_table)

.init_array 
*          0    00000000    00000000     UNINITIALIZED

.binit     0    00000000    00000000     

.data      0    20000000    00000004     UNINITIALIZED
                  20000000    00000004     system_msp432p401r.obj (.data)

.stack     0    2000fe00    00000200     UNINITIALIZED
                  2000fe00    00000004     rtsv7M4_T_le_v4SPD16_eabi.lib : boot_cortex_m.c.obj (.stack)
                  2000fe04    000001fc     --HOLE--

MODULE SUMMARY

       Module                        code   ro data   rw data
       ------                        ----   -------   -------
    .\
       system_msp432p401r.obj        766    0         8      
       dco.obj                       282    0         0      
       startup_msp432p401r_ccs.obj   18     228       0      
       main.obj                      84     0         0      
       delay.obj                     62     0         0      
    +--+-----------------------------+------+---------+---------+
       Total:                        1212   228       8      
                                                             
    C:\ti\ccsv8\tools\compiler\ti-cgt-arm_18.1.1.LTS\lib\rtsv7M4_T_le_v4SPD16_eabi.lib
       memcpy_t2.asm.obj             156    0         0      
       copy_decompress_lzss.c.obj    104    0         0      
       autoinit.c.obj                68     0         0      
       boot_cortex_m.c.obj           56     0         0      
       copy_decompress_none.c.obj    14     0         0      
       exit.c.obj                    4      0         0      
       pre_init.c.obj                4      0         0      
    +--+-----------------------------+------+---------+---------+
       Total:                        406    0         0      
                                                             
       Stack:                        0      0         1024   
       Linker Generated:             0      24        0      
    +--+-----------------------------+------+---------+---------+
       Grand Total:                  1618   252       1032   


LINKER GENERATED COPY TABLES

__TI_cinit_table @ 00000750 records: 1, size/record: 8, table size: 8
	.data: load addr=00000740, load size=00000008 bytes, run addr=20000000, run size=00000004 bytes, compression=lzss


LINKER GENERATED HANDLER TABLE

__TI_handler_table @ 00000748 records: 2, size/record: 4, table size: 8
	index: 0, handler: __TI_decompress_lzss
	index: 1, handler: __TI_decompress_none


GLOBAL SYMBOLS: SORTED ALPHABETICALLY BY Name 

address   name                          
-------   ----                          
00000729  ADC14_IRQHandler              
00000729  AES256_IRQHandler             
00000729  BusFault_Handler              
0000073d  C$$EXIT                       
00000729  COMP_E0_IRQHandler            
00000729  COMP_E1_IRQHandler            
00000729  CS_IRQHandler                 
00000729  DMA_ERR_IRQHandler            
00000729  DMA_INT0_IRQHandler           
00000729  DMA_INT1_IRQHandler           
00000729  DMA_INT2_IRQHandler           
00000729  DMA_INT3_IRQHandler           
00000729  DebugMon_Handler              
00000729  Default_Handler               
00000729  EUSCIA0_IRQHandler            
00000729  EUSCIA1_IRQHandler            
00000729  EUSCIA2_IRQHandler            
00000729  EUSCIA3_IRQHandler            
00000729  EUSCIB0_IRQHandler            
00000729  EUSCIB1_IRQHandler            
00000729  EUSCIB2_IRQHandler            
00000729  EUSCIB3_IRQHandler            
00000729  FLCTL_IRQHandler              
00000729  FPU_IRQHandler                
00000729  HardFault_Handler             
00000729  MemManage_Handler             
00000729  NMI_Handler                   
00000729  PCM_IRQHandler                
00000729  PORT1_IRQHandler              
00000729  PORT2_IRQHandler              
00000729  PORT3_IRQHandler              
00000729  PORT4_IRQHandler              
00000729  PORT5_IRQHandler              
00000729  PORT6_IRQHandler              
00000729  PSS_IRQHandler                
00000729  PendSV_Handler                
00000729  RTC_C_IRQHandler              
00000719  Reset_Handler                 
00000729  SVC_Handler                   
00000729  SysTick_Handler               
20000000  SystemCoreClock               
00000159  SystemCoreClockUpdate         
000000e9  SystemInit                    
00000729  T32_INT1_IRQHandler           
00000729  T32_INT2_IRQHandler           
00000729  T32_INTC_IRQHandler           
00000729  TA0_0_IRQHandler              
00000729  TA0_N_IRQHandler              
00000729  TA1_0_IRQHandler              
00000729  TA1_N_IRQHandler              
00000729  TA2_0_IRQHandler              
00000729  TA2_N_IRQHandler              
00000729  TA3_0_IRQHandler              
00000729  TA3_N_IRQHandler              
00000729  UsageFault_Handler            
4000480c  WDTCTL_SYM                    
00000729  WDT_A_IRQHandler              
20010000  __STACK_END                   
00000200  __STACK_SIZE                  
00000750  __TI_CINIT_Base               
00000758  __TI_CINIT_Limit              
00000748  __TI_Handler_Table_Base       
00000750  __TI_Handler_Table_Limit      
0000065d  __TI_auto_init_nobinit_nopinit
0000059f  __TI_decompress_lzss          
0000072b  __TI_decompress_none          
ffffffff  __TI_pprof_out_hndl           
ffffffff  __TI_prof_data_size           
ffffffff  __TI_prof_data_start          
00000000  __TI_static_base__            
00000503  __aeabi_memcpy                
00000503  __aeabi_memcpy4               
00000503  __aeabi_memcpy8               
ffffffff  __binit__                     
ffffffff  __c_args__                    
UNDEFED   __mpu_init                    
2000fe00  __stack                       
000006e1  _c_int00_noargs               
UNDEFED   _system_post_cinit            
00000739  _system_pre_init              
0000073d  abort                         
ffffffff  binit                         
000006c1  delay_ms                      
000006a1  delay_us                      
00000000  interruptVectors              
00000609  main                          
00000503  memcpy                        
000003e9  set_DCO                       


GLOBAL SYMBOLS: SORTED BY Symbol Address 

address   name                          
-------   ----                          
00000000  __TI_static_base__            
00000000  interruptVectors              
000000e9  SystemInit                    
00000159  SystemCoreClockUpdate         
00000200  __STACK_SIZE                  
000003e9  set_DCO                       
00000503  __aeabi_memcpy                
00000503  __aeabi_memcpy4               
00000503  __aeabi_memcpy8               
00000503  memcpy                        
0000059f  __TI_decompress_lzss          
00000609  main                          
0000065d  __TI_auto_init_nobinit_nopinit
000006a1  delay_us                      
000006c1  delay_ms                      
000006e1  _c_int00_noargs               
00000719  Reset_Handler                 
00000729  ADC14_IRQHandler              
00000729  AES256_IRQHandler             
00000729  BusFault_Handler              
00000729  COMP_E0_IRQHandler            
00000729  COMP_E1_IRQHandler            
00000729  CS_IRQHandler                 
00000729  DMA_ERR_IRQHandler            
00000729  DMA_INT0_IRQHandler           
00000729  DMA_INT1_IRQHandler           
00000729  DMA_INT2_IRQHandler           
00000729  DMA_INT3_IRQHandler           
00000729  DebugMon_Handler              
00000729  Default_Handler               
00000729  EUSCIA0_IRQHandler            
00000729  EUSCIA1_IRQHandler            
00000729  EUSCIA2_IRQHandler            
00000729  EUSCIA3_IRQHandler            
00000729  EUSCIB0_IRQHandler            
00000729  EUSCIB1_IRQHandler            
00000729  EUSCIB2_IRQHandler            
00000729  EUSCIB3_IRQHandler            
00000729  FLCTL_IRQHandler              
00000729  FPU_IRQHandler                
00000729  HardFault_Handler             
00000729  MemManage_Handler             
00000729  NMI_Handler                   
00000729  PCM_IRQHandler                
00000729  PORT1_IRQHandler              
00000729  PORT2_IRQHandler              
00000729  PORT3_IRQHandler              
00000729  PORT4_IRQHandler              
00000729  PORT5_IRQHandler              
00000729  PORT6_IRQHandler              
00000729  PSS_IRQHandler                
00000729  PendSV_Handler                
00000729  RTC_C_IRQHandler              
00000729  SVC_Handler                   
00000729  SysTick_Handler               
00000729  T32_INT1_IRQHandler           
00000729  T32_INT2_IRQHandler           
00000729  T32_INTC_IRQHandler           
00000729  TA0_0_IRQHandler              
00000729  TA0_N_IRQHandler              
00000729  TA1_0_IRQHandler              
00000729  TA1_N_IRQHandler              
00000729  TA2_0_IRQHandler              
00000729  TA2_N_IRQHandler              
00000729  TA3_0_IRQHandler              
00000729  TA3_N_IRQHandler              
00000729  UsageFault_Handler            
00000729  WDT_A_IRQHandler              
0000072b  __TI_decompress_none          
00000739  _system_pre_init              
0000073d  C$$EXIT                       
0000073d  abort                         
00000748  __TI_Handler_Table_Base       
00000750  __TI_CINIT_Base               
00000750  __TI_Handler_Table_Limit      
00000758  __TI_CINIT_Limit              
20000000  SystemCoreClock               
2000fe00  __stack                       
20010000  __STACK_END                   
4000480c  WDTCTL_SYM                    
ffffffff  __TI_pprof_out_hndl           
ffffffff  __TI_prof_data_size           
ffffffff  __TI_prof_data_start          
ffffffff  __binit__                     
ffffffff  __c_args__                    
ffffffff  binit                         
UNDEFED   __mpu_init                    
UNDEFED   _system_post_cinit            

[88 symbols]
