******************************************************************************
                  TI ARM Linker PC v18.1.1                     
******************************************************************************
>> Linked Wed Apr 11 14:14:38 2018

OUTPUT FILE NAME:   <Assgn3.out>
ENTRY POINT SYMBOL: "_c_int00_noinit_noargs"  address: 000006a9


MEMORY CONFIGURATION

         name            origin    length      used     unused   attr    fill
----------------------  --------  ---------  --------  --------  ----  --------
  MAIN                  00000000   00040000  000006ea  0003f916  R  X
  INFO                  00200000   00004000  00000000  00004000  R  X
  SRAM_CODE             01000000   00010000  00000200  0000fe00  RW X
  SRAM_DATA             20000000   00010000  00000200  0000fe00  RW  


SEGMENT ALLOCATION MAP

run origin  load origin   length   init length attrs members
----------  ----------- ---------- ----------- ----- -------
00000000    00000000    000006ee   000006ee    r-x
  00000000    00000000    000000e4   000000e4    r-- .intvecs
  000000e8    000000e8    00000606   00000606    r-x .text
2000fe00    2000fe00    00000200   00000000    rw-
  2000fe00    2000fe00    00000200   00000000    rw- .stack


SECTION ALLOCATION MAP

 output                                  attributes/
section   page    origin      length       input sections
--------  ----  ----------  ----------   ----------------
.intvecs   0    00000000    000000e4     
                  00000000    000000e4     startup_msp432p401r_ccs.obj (.intvecs:retain)

.text      0    000000e8    00000606     
                  000000e8    0000050c     main.obj (.text)
                  000005f4    00000004     rtsv7M4_T_le_v4SPD16_eabi.lib : pre_init.c.obj (.text:_system_pre_init)
                  000005f8    0000006e     system_msp432p401r.obj (.text)
                  00000666    00000002     --HOLE-- [fill = 0]
                  00000668    0000003e     delay.obj (.text)
                  000006a6    00000002     --HOLE-- [fill = 0]
                  000006a8    00000030     rtsv7M4_T_le_v4SPD16_eabi.lib : boot_cortex_m.c.obj (.text:_c_int00_noinit_noargs:_c_int00_noinit_noargs)
                  000006d8    00000012     startup_msp432p401r_ccs.obj (.text)
                  000006ea    00000004     rtsv7M4_T_le_v4SPD16_eabi.lib : exit.c.obj (.text:abort:abort)

.cinit     0    00000000    00000000     UNINITIALIZED

.init_array 
*          0    00000000    00000000     UNINITIALIZED

.binit     0    00000000    00000000     

.stack     0    2000fe00    00000200     UNINITIALIZED
                  2000fe00    00000004     rtsv7M4_T_le_v4SPD16_eabi.lib : boot_cortex_m.c.obj (.stack)
                  2000fe04    000001fc     --HOLE--

MODULE SUMMARY

       Module                        code   ro data   rw data
       ------                        ----   -------   -------
    .\
       main.obj                      1292   0         0      
       startup_msp432p401r_ccs.obj   18     228       0      
       system_msp432p401r.obj        110    0         0      
       delay.obj                     62     0         0      
    +--+-----------------------------+------+---------+---------+
       Total:                        1482   228       0      
                                                             
    C:\ti\ccsv8\tools\compiler\ti-cgt-arm_18.1.1.LTS\lib\rtsv7M4_T_le_v4SPD16_eabi.lib
       boot_cortex_m.c.obj           48     0         0      
       exit.c.obj                    4      0         0      
       pre_init.c.obj                4      0         0      
    +--+-----------------------------+------+---------+---------+
       Total:                        56     0         0      
                                                             
       Stack:                        0      0         1024   
    +--+-----------------------------+------+---------+---------+
       Grand Total:                  1538   228       1024   


GLOBAL SYMBOLS: SORTED ALPHABETICALLY BY Name 

address   name                  
-------   ----                  
000006e9  ADC14_IRQHandler      
000006e9  AES256_IRQHandler     
000006e9  BusFault_Handler      
000006eb  C$$EXIT               
000006e9  COMP_E0_IRQHandler    
000006e9  COMP_E1_IRQHandler    
000006e9  CS_IRQHandler         
000006e9  DMA_ERR_IRQHandler    
000006e9  DMA_INT0_IRQHandler   
000006e9  DMA_INT1_IRQHandler   
000006e9  DMA_INT2_IRQHandler   
000006e9  DMA_INT3_IRQHandler   
000006e9  DebugMon_Handler      
000006e9  Default_Handler       
000006e9  EUSCIA0_IRQHandler    
000006e9  EUSCIA1_IRQHandler    
000006e9  EUSCIA2_IRQHandler    
000006e9  EUSCIA3_IRQHandler    
000006e9  EUSCIB0_IRQHandler    
000006e9  EUSCIB1_IRQHandler    
000006e9  EUSCIB2_IRQHandler    
000006e9  EUSCIB3_IRQHandler    
000006e9  FLCTL_IRQHandler      
000006e9  FPU_IRQHandler        
000006e9  HardFault_Handler     
000006e9  MemManage_Handler     
000006e9  NMI_Handler           
000006e9  PCM_IRQHandler        
000006e9  PORT1_IRQHandler      
000006e9  PORT2_IRQHandler      
000006e9  PORT3_IRQHandler      
000006e9  PORT4_IRQHandler      
000006e9  PORT5_IRQHandler      
000006e9  PORT6_IRQHandler      
000006e9  PSS_IRQHandler        
000006e9  PendSV_Handler        
000006e9  RTC_C_IRQHandler      
000006d9  Reset_Handler         
000006e9  SVC_Handler           
000006e9  SysTick_Handler       
000005f9  SystemInit            
000006e9  T32_INT1_IRQHandler   
000006e9  T32_INT2_IRQHandler   
000006e9  T32_INTC_IRQHandler   
000006e9  TA0_0_IRQHandler      
000006e9  TA0_N_IRQHandler      
000006e9  TA1_0_IRQHandler      
000006e9  TA1_N_IRQHandler      
000006e9  TA2_0_IRQHandler      
000006e9  TA2_N_IRQHandler      
000006e9  TA3_0_IRQHandler      
000006e9  TA3_N_IRQHandler      
000006e9  UsageFault_Handler    
4000480c  WDTCTL_SYM            
000006e9  WDT_A_IRQHandler      
20010000  __STACK_END           
00000200  __STACK_SIZE          
ffffffff  __TI_pprof_out_hndl   
ffffffff  __TI_prof_data_size   
ffffffff  __TI_prof_data_start  
00000000  __TI_static_base__    
ffffffff  __binit__             
ffffffff  __c_args__            
UNDEFED   __mpu_init            
2000fe00  __stack               
000006a9  _c_int00_noinit_noargs
000005f5  _system_pre_init      
000006eb  abort                 
ffffffff  binit                 
00000689  delay_ms              
00000669  delay_us              
00000000  interruptVectors      
000000e9  main                  


GLOBAL SYMBOLS: SORTED BY Symbol Address 

address   name                  
-------   ----                  
00000000  __TI_static_base__    
00000000  interruptVectors      
000000e9  main                  
00000200  __STACK_SIZE          
000005f5  _system_pre_init      
000005f9  SystemInit            
00000669  delay_us              
00000689  delay_ms              
000006a9  _c_int00_noinit_noargs
000006d9  Reset_Handler         
000006e9  ADC14_IRQHandler      
000006e9  AES256_IRQHandler     
000006e9  BusFault_Handler      
000006e9  COMP_E0_IRQHandler    
000006e9  COMP_E1_IRQHandler    
000006e9  CS_IRQHandler         
000006e9  DMA_ERR_IRQHandler    
000006e9  DMA_INT0_IRQHandler   
000006e9  DMA_INT1_IRQHandler   
000006e9  DMA_INT2_IRQHandler   
000006e9  DMA_INT3_IRQHandler   
000006e9  DebugMon_Handler      
000006e9  Default_Handler       
000006e9  EUSCIA0_IRQHandler    
000006e9  EUSCIA1_IRQHandler    
000006e9  EUSCIA2_IRQHandler    
000006e9  EUSCIA3_IRQHandler    
000006e9  EUSCIB0_IRQHandler    
000006e9  EUSCIB1_IRQHandler    
000006e9  EUSCIB2_IRQHandler    
000006e9  EUSCIB3_IRQHandler    
000006e9  FLCTL_IRQHandler      
000006e9  FPU_IRQHandler        
000006e9  HardFault_Handler     
000006e9  MemManage_Handler     
000006e9  NMI_Handler           
000006e9  PCM_IRQHandler        
000006e9  PORT1_IRQHandler      
000006e9  PORT2_IRQHandler      
000006e9  PORT3_IRQHandler      
000006e9  PORT4_IRQHandler      
000006e9  PORT5_IRQHandler      
000006e9  PORT6_IRQHandler      
000006e9  PSS_IRQHandler        
000006e9  PendSV_Handler        
000006e9  RTC_C_IRQHandler      
000006e9  SVC_Handler           
000006e9  SysTick_Handler       
000006e9  T32_INT1_IRQHandler   
000006e9  T32_INT2_IRQHandler   
000006e9  T32_INTC_IRQHandler   
000006e9  TA0_0_IRQHandler      
000006e9  TA0_N_IRQHandler      
000006e9  TA1_0_IRQHandler      
000006e9  TA1_N_IRQHandler      
000006e9  TA2_0_IRQHandler      
000006e9  TA2_N_IRQHandler      
000006e9  TA3_0_IRQHandler      
000006e9  TA3_N_IRQHandler      
000006e9  UsageFault_Handler    
000006e9  WDT_A_IRQHandler      
000006eb  C$$EXIT               
000006eb  abort                 
2000fe00  __stack               
20010000  __STACK_END           
4000480c  WDTCTL_SYM            
ffffffff  __TI_pprof_out_hndl   
ffffffff  __TI_prof_data_size   
ffffffff  __TI_prof_data_start  
ffffffff  __binit__             
ffffffff  __c_args__            
ffffffff  binit                 
UNDEFED   __mpu_init            

[73 symbols]
